97df97e4b798b29eb31ed7280287a92a
4d6ca4e629785c1f01baf55e2e548566b9617ae3a96868c337cb93b5e72b1c7b
43bae3738c9467e6
e58f9eb643862c13ad38e529313462a7f73e62834fe54a01
