77b39a37a868920f2a51f9dd150c5717
e06c0dd31ff02091994f2ef5178bfe3d
b2628c788e2e9c4a9bb4644678c29f2f
b406373350cee8a6126f4a9b65a0cd21
ff0e289ea756c0559a0e911856961a49
0d674dd0f9a6806525a4d92e828bd15a
