hash: function returning unsigned (extern)
last_dhash: unsigned (static)
A: ARRAY
sval: pointer to STRING
cflag: int
A: ARRAY
d: double
cflag: int
ap: pointer to ANODE
signal: function returning pointer to function returning void
