 29 p
 21 A
 14 ANODE
 13 q
 12 d
 12 sval
 10 if
 10 the
  8 dlink
  8 h
  8 is
  7 to
  6 D
  6 of
  5 cflag
  5 deleted
  5 else
  5 front
  5 hash
  5 link
